..
Hello world2!
AAA
AAA
AAA
152
65
158
456152
65
158
456152
65
158
456152
65
158
456152
65
158
456152
65
158
456152
65
158
456152
65
158
456152
65
158
456152
65
158
456152
65
158
456152
65
158
456
